[dotenv@17.3.1] injecting env (4) from .env -- tip: ΓÜÖ∩╕Å  load multiple .env files with { path: ['.env.local', '.env'] }
Testing embedding for text: 'Hello World'
Success! Embedding length: 3072
