src/app/dashboard/discovery/page.tsx(26,30): error TS2345: Argument of type '"Please log in to initiate discovery."' is not assignable to parameter of type 'SetStateAction<null>'.
src/app/dashboard/discovery/page.tsx(30,32): error TS2345: Argument of type 'User' is not assignable to parameter of type 'SetStateAction<null>'.
  Type 'User' provides no match for the signature '(prevState: null): null'.
src/app/dashboard/discovery/page.tsx(36,30): error TS2345: Argument of type 'string' is not assignable to parameter of type 'SetStateAction<null>'.
src/app/dashboard/discovery/page.tsx(39,26): error TS2345: Argument of type '"An unexpected error occurred during discovery."' is not assignable to parameter of type 'SetStateAction<null>'.
src/app/dashboard/discovery/page.tsx(48,40): error TS7006: Parameter 'connectionId' implicitly has an 'any' type.
src/app/dashboard/discovery/page.tsx(52,79): error TS2339: Property 'id' does not exist on type 'never'.
src/app/dashboard/discovery/page.tsx(120,45): error TS2339: Property 'id' does not exist on type 'never'.
src/app/dashboard/discovery/page.tsx(128,106): error TS2339: Property 'full_name' does not exist on type 'never'.
src/app/dashboard/discovery/page.tsx(128,129): error TS2339: Property 'full_name' does not exist on type 'never'.
src/app/dashboard/discovery/page.tsx(133,57): error TS2339: Property 'compatibility_score' does not exist on type 'never'.
src/app/dashboard/discovery/page.tsx(140,142): error TS2339: Property 'full_name' does not exist on type 'never'.
src/app/dashboard/discovery/page.tsx(141,143): error TS2339: Property 'academic_aim' does not exist on type 'never'.
src/app/dashboard/discovery/page.tsx(146,64): error TS2339: Property 'connection_reason' does not exist on type 'never'.
src/app/dashboard/discovery/page.tsx(151,42): error TS7053: Element implicitly has an 'any' type because expression of type 'any' can't be used to index type '{}'.
src/app/dashboard/discovery/page.tsx(151,65): error TS2339: Property 'id' does not exist on type 'never'.
src/app/dashboard/discovery/page.tsx(160,54): error TS7053: Element implicitly has an 'any' type because expression of type 'any' can't be used to index type '{}'.
src/app/dashboard/discovery/page.tsx(160,77): error TS2339: Property 'id' does not exist on type 'never'.
src/app/dashboard/discovery/page.tsx(167,53): error TS2339: Property 'hobbies' does not exist on type 'never'.
src/app/dashboard/discovery/page.tsx(167,79): error TS7006: Parameter 'tag' implicitly has an 'any' type.
src/app/dashboard/discovery/page.tsx(179,91): error TS2339: Property 'id' does not exist on type 'never'.
src/app/dashboard/discovery/page.tsx(180,55): error TS7053: Element implicitly has an 'any' type because expression of type 'any' can't be used to index type '{}'.
src/app/dashboard/discovery/page.tsx(180,84): error TS2339: Property 'id' does not exist on type 'never'.
src/app/dashboard/discovery/page.tsx(182,46): error TS7053: Element implicitly has an 'any' type because expression of type 'any' can't be used to index type '{}'.
src/app/dashboard/discovery/page.tsx(182,75): error TS2339: Property 'id' does not exist on type 'never'.
